node.exe : [1m[33m[ba
seline-browser-mapping]
 The data in this 
module is over two 
months old.  To ensure 
accurate Baseline 
data, please update: 
`npm i baseline-browser
-mapping@latest 
-D`[39m[22m
En C:\nvm4w\nodejs\ng.p
s1: 16 Carácter: 5
+     & 
"$basedir/node$exe"  "$
basedir/node_modules/@a
ngular/cli/bin/ng ...
+     ~~~~~~~~~~~~~~~~~
~~~~~~~~~~~~~~~~~~~~~~~
~~~~~~~~~~~~~~~~~~~~~~~
~~
    + CategoryInfo     
         : NotSpecifi  
  ed: ([1m[33m[bas   
 el...t -D`[39m[2    
2m:String) [], Rem    
oteException
    + FullyQualifiedEr 
   rorId : NativeComm  
  andError
 
[33mÔØ»[39m Building...
[32mÔ£ö[39m Building...
[1mInitial chunk files[22m  [2m | [22m[1mNames[22m             [2m | [22m [1mRaw size[22m[2m | [22m[1mEstimated transfer size[22m
[32mmain-HZ67ATVD.js[39m     [2m | [22m[2mmain[22m              [2m | [22m  [36m1.47 MB[39m[2m | [22m              [36m285.65 kB[39m
[32mchunk-WCLIXU7J.js[39m    [2m | [22m[2m-[22m                 [2m | [22m[36m741.55 kB[39m[2m | [22m              [36m168.12 kB[39m
[32mpolyfills-6ISPNSXF.js[39m[2m | [22m[2mpolyfills[22m         [2m | [22m [36m35.68 kB[39m[2m | [22m               [36m11.57 kB[39m
[32mstyles-OILDBOLT.css[39m  [2m | [22m[2mstyles[22m            [2m | [22m [36m15.48 kB[39m[2m | [22m                [36m2.37 kB[39m

[1m [22m                    [2m | [22m[1mInitial total[22m     [2m | [22m  [1m[93m2.26 MB[39m[22m[2m | [22m              [1m467.70 kB[22m

[1mLazy chunk files[22m     [2m | [22m[1mNames[22m             [2m | [22m [1mRaw size[22m[2m | [22m[1mEstimated transfer size[22m
[32mchunk-H3666F54.js[39m    [2m | [22m[2mrenew-subscription[22m[2m | [22m [36m18.61 kB[39m[2m | [22m                [36m4.30 kB[39m

Application bundle generation failed. [6.507 seconds] - 2026-02-20T15:02:21.052Z

[1m[33m[33mÔû▓ [43;
33m[[43;30mWARNING[43
;33m][0m [1mNG8107: 
The left side of this 
optional chain 
operation does not 
include 'null' or 
'undefined' in its 
type, therefore the 
'?.' operator can be 
replaced with the '.' 
operator.[0m 
[1m[35m[plugin 
angular-compiler][0m

    src/app/pages/dashb
oard/calendar/appointme
nt-details-dialog/appoi
ntment-details-dialog.h
tml:68:53:
[37m      68 Ôöé      
                       
<span>{{ serv.servicios
?.[32mnombre[37m 
}}</span>
         ÔòÁ           
                       
                    
[32m~~~~~~[0m

  Warning occurs in 
the template of 
component AppointmentDe
tailsDialog.

    src/app/pages/dashb
oard/calendar/appointme
nt-details-dialog/appoi
ntment-details-dialog.t
s:23:17:
[37m      23 Ôöé     
templateUrl: [32m'./ap
pointment-details-dialo
g.html'[37m,
         ÔòÁ           
       [32m~~~~~~~~~~~
~~~~~~~~~~~~~~~~~~~~~~~
~[0m


[33mÔû▓ [43;33m[[43;
30mWARNING[43;33m][0m
 [1mNG8107: The left 
side of this optional 
chain operation does 
not include 'null' or 
'undefined' in its 
type, therefore the 
'?.' operator can be 
replaced with the '.' 
operator.[0m 
[1m[35m[plugin 
angular-compiler][0m

    src/app/pages/dashb
oard/calendar/appointme
nt-details-dialog/appoi
ntment-details-dialog.h
tml:69:90:
[37m      69 Ôöé 
...e">${{ 
serv.precio_actual || s
erv.servicios?.[32mpre
cio_base[37m }}</span>
         ÔòÁ           
                       
               
[32m~~~~~~~~~~~[0m

  Warning occurs in 
the template of 
component AppointmentDe
tailsDialog.

    src/app/pages/dashb
oard/calendar/appointme
nt-details-dialog/appoi
ntment-details-dialog.t
s:23:17:
[37m      23 Ôöé     
templateUrl: [32m'./ap
pointment-details-dialo
g.html'[37m,
         ÔòÁ           
       [32m~~~~~~~~~~~
~~~~~~~~~~~~~~~~~~~~~~~
~[0m


[33mÔû▓ [43;33m[[43;
30mWARNING[43;33m][0m
 [1mbundle initial 
exceeded maximum 
budget. Budget 2.00 MB 
was not met by 261.85 
kB with a total of 
2.26 MB.[0m


[33mÔû▓ [43;33m[[43;
30mWARNING[43;33m][0m
 [1msrc/app/pages/dash
board/statistics/statis
tics.scss exceeded 
maximum budget. Budget 
4.00 kB was not met by 
1.15 kB with a total 
of 5.15 kB.[0m


[33mÔû▓ [43;33m[[43;
30mWARNING[43;33m][0m
 [1msrc/app/pages/auth
/renew-subscription/ren
ew-subscription.scss 
exceeded maximum 
budget. Budget 4.00 kB 
was not met by 5.01 kB 
with a total of 9.01 
kB.[0m


[33mÔû▓ [43;33m[[43;
30mWARNING[43;33m][0m
 [1msrc/app/pages/chat
bot/chatbot.scss 
exceeded maximum 
budget. Budget 4.00 kB 
was not met by 1.24 kB 
with a total of 5.24 
kB.[0m


[33mÔû▓ [43;33m[[43;
30mWARNING[43;33m][0m
 [1msrc/app/pages/onbo
arding/onboarding.scss 
exceeded maximum 
budget. Budget 4.00 kB 
was not met by 2.20 kB 
with a total of 6.20 
kB.[0m


[33mÔû▓ [43;33m[[43;
30mWARNING[43;33m][0m
 [1msrc/app/pages/dash
board/calendar/calendar
.scss exceeded maximum 
budget. Budget 4.00 kB 
was not met by 1.04 kB 
with a total of 5.04 
kB.[0m


[33mÔû▓ [43;33m[[43;
30mWARNING[43;33m][0m
 [1mModule 'qrcode' 
used by 'src/app/pages/
dashboard/profile/profi
le.ts' is not ESM[0m

  CommonJS or AMD 
dependencies can cause 
optimization bailouts.
  For more information 
see: [4mhttps://angula
r.dev/tools/cli/build#c
onfiguring-commonjs-dep
endencies[0m

[39m[22m
[1m[31m[31mX [41;31
m[[41;97mERROR[41;31m
][0m [1msrc/app/pages
/auth/renew-subscriptio
n/renew-subscription.sc
ss exceeded maximum 
budget. Budget 8.00 kB 
was not met by 1.01 kB 
with a total of 9.01 
kB.[0m

[39m[22m
