node.exe : [1m[33m[
baseline-browser-mapp
ing] The data in 
this module is over 
two months old.  To 
ensure accurate 
Baseline data, 
please update: `npm 
i baseline-browser-ma
pping@latest 
-D`[39m[22m
En línea: 1 
Carácter: 1
+ & "C:\nvm4w\nodejs/
node.exe" "C:\nvm4w\n
odejs/node_modules/np
m/bin/np ...
+ ~~~~~~~~~~~~~~~~~~~
~~~~~~~~~~~~~~~~~~~~~
~~~~~~~~~~~~~~~~~~~~~
~~~~~~~~
    + CategoryInfo   
           : NotSpe  
  cified: ([1m[3   
 3m[basel...t -D`    
[39m[22m:Strin    
g) [], RemoteExc    
eption
    + FullyQualified 
   ErrorId : Native  
  CommandError
 
[1m[33m[33mÔû▓ [4
3;33m[[43;30mWARNING
[43;33m][0m 
[1mNG8107: The left 
side of this 
optional chain 
operation does not 
include 'null' or 
'undefined' in its 
type, therefore the 
'?.' operator can be 
replaced with the 
'.' operator.[0m 
[1m[35m[plugin 
angular-compiler][0m

    src/app/pages/das
hboard/calendar/appoi
ntment-details-dialog
/appointment-details-
dialog.html:68:53:
[37m      68 Ôöé    
                     
    <span>{{ serv.ser
vicios?.[32mnombre[
37m }}</span>
         ÔòÁ         
                     
                     
   [32m~~~~~~[0m

  Warning occurs in 
the template of 
component Appointment
DetailsDialog.

    src/app/pages/das
hboard/calendar/appoi
ntment-details-dialog
/appointment-details-
dialog.ts:23:17:
[37m      23 Ôöé    
 templateUrl: [32m'.
/appointment-details-
dialog.html'[37m,
         ÔòÁ         
         [32m~~~~~~~
~~~~~~~~~~~~~~~~~~~~~
~~~~~~~[0m


[33mÔû▓ [43;33m[[4
3;30mWARNING[43;33m]
[0m [1mNG8107: The 
left side of this 
optional chain 
operation does not 
include 'null' or 
'undefined' in its 
type, therefore the 
'?.' operator can be 
replaced with the 
'.' operator.[0m 
[1m[35m[plugin 
angular-compiler][0m

    src/app/pages/das
hboard/calendar/appoi
ntment-details-dialog
/appointment-details-
dialog.html:69:90:
[37m      69 Ôöé 
...e">${{ 
serv.precio_actual 
|| serv.servicios?.[
32mprecio_base[37m 
}}</span>
         ÔòÁ         
                     
                   
[32m~~~~~~~~~~~[0m

  Warning occurs in 
the template of 
component Appointment
DetailsDialog.

    src/app/pages/das
hboard/calendar/appoi
ntment-details-dialog
/appointment-details-
dialog.ts:23:17:
[37m      23 Ôöé    
 templateUrl: [32m'.
/appointment-details-
dialog.html'[37m,
         ÔòÁ         
         [32m~~~~~~~
~~~~~~~~~~~~~~~~~~~~~
~~~~~~~[0m


[33mÔû▓ [43;33m[[4
3;30mWARNING[43;33m]
[0m [1mbundle 
initial exceeded 
maximum budget. 
Budget 2.00 MB was 
not met by 272.85 kB 
with a total of 2.27 
MB.[0m


[33mÔû▓ [43;33m[[4
3;30mWARNING[43;33m]
[0m [1msrc/app/page
s/auth/renew-subscrip
tion/renew-subscripti
on.scss exceeded 
maximum budget. 
Budget 4.00 kB was 
not met by 5.01 kB 
with a total of 9.01 
kB.[0m


[33mÔû▓ [43;33m[[4
3;30mWARNING[43;33m]
[0m [1msrc/app/page
s/onboarding/onboardi
ng.scss exceeded 
maximum budget. 
Budget 4.00 kB was 
not met by 2.20 kB 
with a total of 6.20 
kB.[0m


[33mÔû▓ [43;33m[[4
3;30mWARNING[43;33m]
[0m [1msrc/app/page
s/chatbot/chatbot.scs
s exceeded maximum 
budget. Budget 4.00 
kB was not met by 
1.09 kB with a total 
of 5.09 kB.[0m


[33mÔû▓ [43;33m[[4
3;30mWARNING[43;33m]
[0m [1msrc/app/page
s/dashboard/statistic
s/statistics.scss 
exceeded maximum 
budget. Budget 4.00 
kB was not met by 
123 bytes with a 
total of 4.12 kB.[0m


[33mÔû▓ [43;33m[[4
3;30mWARNING[43;33m]
[0m [1msrc/app/page
s/dashboard/calendar/
calendar.scss 
exceeded maximum 
budget. Budget 4.00 
kB was not met by 
945 bytes with a 
total of 4.95 kB.[0m


[33mÔû▓ [43;33m[[4
3;30mWARNING[43;33m]
[0m [1mModule 
'qrcode' used by 'src
/app/pages/dashboard/
profile/profile.ts' 
is not ESM[0m

  CommonJS or AMD 
dependencies can 
cause optimization 
bailouts.
  For more 
information see: [4m
https://angular.dev/t
ools/cli/build#config
uring-commonjs-depend
encies[0m

[39m[22m
[1m[31m[31mX [41;
31m[[41;97mERROR[41
;31m][0m [1msrc/app
/pages/auth/renew-sub
scription/renew-subsc
ription.scss 
exceeded maximum 
budget. Budget 8.00 
kB was not met by 
1.01 kB with a total 
of 9.01 kB.[0m

[39m[22m
